[    0.000000] Linux version 4.15.0-212-generic (buildd@lcy02-amd64-083) (gcc version 7.5.0 (Ubuntu 7.5.0-3ubuntu1~18.04)) #223-Ubuntu SMP Tue May 23 13:09:22 UTC 2023 (Ubuntu 4.15.0-212.223-generic 4.15.18)
[    0.000000] Command line: BOOT_IMAGE=/boot/vmlinuz-4.15.0-212-generic root=LABEL=cloudimg-rootfs ro console=tty1 console=ttyS0
[    0.000000] KERNEL supported cpus:
[    0.000000]   Intel GenuineIntel
[    0.000000]   AMD AuthenticAMD
[    0.000000]   Centaur CentaurHauls
[    0.000000] x86/fpu: Supporting XSAVE feature 0x001: 'x87 floating point registers'
[    0.000000] x86/fpu: Supporting XSAVE feature 0x002: 'SSE registers'
[    0.000000] x86/fpu: Supporting XSAVE feature 0x004: 'AVX registers'
[    0.000000] x86/fpu: xstate_offset[2]:  576, xstate_sizes[2]:  256
[    0.000000] x86/fpu: Enabled xstate features 0x7, context size is 832 bytes, using 'standard' format.
[    0.000000] e820: BIOS-provided physical RAM map:
[    0.000000] BIOS-e820: [mem 0x0000000000000000-0x000000000009fbff] usable
[    0.000000] BIOS-e820: [mem 0x000000000009fc00-0x000000000009ffff] reserved
[    0.000000] BIOS-e820: [mem 0x00000000000f0000-0x00000000000fffff] reserved
[    0.000000] BIOS-e820: [mem 0x0000000000100000-0x000000007ffeffff] usable
[    0.000000] BIOS-e820: [mem 0x000000007fff0000-0x000000007fffffff] ACPI data
[    0.000000] BIOS-e820: [mem 0x00000000fec00000-0x00000000fec00fff] reserved
[    0.000000] BIOS-e820: [mem 0x00000000fee00000-0x00000000fee00fff] reserved
[    0.000000] BIOS-e820: [mem 0x00000000fffc0000-0x00000000ffffffff] reserved
[    0.000000] NX (Execute Disable) protection: active
[    0.000000] SMBIOS 2.5 present.
[    0.000000] DMI: innotek GmbH VirtualBox/VirtualBox, BIOS VirtualBox 12/01/2006
[    0.000000] Hypervisor detected: KVM
[    0.000000] e820: last_pfn = 0x7fff0 max_arch_pfn = 0x400000000
[    0.000000] MTRR: Disabled
[    0.000000] x86/PAT: MTRRs disabled, skipping PAT initialization too.
[    0.000000] CPU MTRRs all blank - virtualized system.
[    0.000000] x86/PAT: Configuration [0-7]: WB  WT  UC- UC  WB  WT  UC- UC  
[    0.000000] found SMP MP-table at [mem 0x0009fff0-0x0009ffff]
[    0.000000] Scanning 1 areas for low memory corruption
[    0.000000] RAMDISK: [mem 0x359cb000-0x36cdcfff]
[    0.000000] ACPI: Early table checksum verification disabled
[    0.000000] ACPI: RSDP 0x00000000000E0000 000024 (v02 VBOX  )
[    0.000000] ACPI: XSDT 0x000000007FFF0030 00003C (v01 VBOX   VBOXXSDT 00000001 ASL  00000061)
[    0.000000] ACPI: FACP 0x000000007FFF00F0 0000F4 (v04 VBOX   VBOXFACP 00000001 ASL  00000061)
[    0.000000] ACPI: DSDT 0x000000007FFF0610 002353 (v02 VBOX   VBOXBIOS 00000002 INTL 20230628)
[    0.000000] ACPI: FACS 0x000000007FFF0200 000040
[    0.000000] ACPI: FACS 0x000000007FFF0200 000040
[    0.000000] ACPI: APIC 0x000000007FFF0240 000054 (v02 VBOX   VBOXAPIC 00000001 ASL  00000061)
[    0.000000] ACPI: SSDT 0x000000007FFF02A0 00036C (v01 VBOX   VBOXCPUT 00000002 INTL 20230628)
[    0.000000] ACPI: Reserving FACP table memory at [mem 0x7fff00f0-0x7fff01e3]
[    0.000000] ACPI: Reserving DSDT table memory at [mem 0x7fff0610-0x7fff2962]
[    0.000000] ACPI: Reserving FACS table memory at [mem 0x7fff0200-0x7fff023f]
[    0.000000] ACPI: Reserving FACS table memory at [mem 0x7fff0200-0x7fff023f]
[    0.000000] ACPI: Reserving APIC table memory at [mem 0x7fff0240-0x7fff0293]
[    0.000000] ACPI: Reserving SSDT table memory at [mem 0x7fff02a0-0x7fff060b]
[    0.000000] No NUMA configuration found
[    0.000000] Faking a node at [mem 0x0000000000000000-0x000000007ffeffff]
[    0.000000] NODE_DATA(0) allocated [mem 0x7ffc5000-0x7ffeffff]
[    0.000000] kvm-clock: cpu 0, msr 0:7ff44001, primary cpu clock
[    0.000000] kvm-clock: Using msrs 4b564d01 and 4b564d00
[    0.000000] kvm-clock: using sched offset of 3253193960 cycles
[    0.000000] clocksource: kvm-clock: mask: 0xffffffffffffffff max_cycles: 0x1cd42e4dffb, max_idle_ns: 881590591483 ns
[    0.000000] Zone ranges:
[    0.000000]   DMA      [mem 0x0000000000001000-0x0000000000ffffff]
[    0.000000]   DMA32    [mem 0x0000000001000000-0x000000007ffeffff]
[    0.000000]   Normal   empty
[    0.000000]   Device   empty
[    0.000000] Movable zone start for each node
[    0.000000] Early memory node ranges
[    0.000000]   node   0: [mem 0x0000000000001000-0x000000000009efff]
[    0.000000]   node   0: [mem 0x0000000000100000-0x000000007ffeffff]
[    0.000000] Reserved but unavailable: 104 pages
[    0.000000] Initmem setup node 0 [mem 0x0000000000001000-0x000000007ffeffff]
[    0.000000] ACPI: PM-Timer IO Port: 0x4008
[    0.000000] IOAPIC[0]: apic_id 1, version 32, address 0xfec00000, GSI 0-23
[    0.000000] ACPI: INT_SRC_OVR (bus 0 bus_irq 0 global_irq 2 dfl dfl)
[    0.000000] ACPI: INT_SRC_OVR (bus 0 bus_irq 9 global_irq 9 low level)
[    0.000000] Using ACPI (MADT) for SMP configuration information
[    0.000000] smpboot: Allowing 1 CPUs, 0 hotplug CPUs
[    0.000000] PM: Registered nosave memory: [mem 0x00000000-0x00000fff]
[    0.000000] PM: Registered nosave memory: [mem 0x0009f000-0x0009ffff]
[    0.000000] PM: Registered nosave memory: [mem 0x000a0000-0x000effff]
[    0.000000] PM: Registered nosave memory: [mem 0x000f0000-0x000fffff]
[    0.000000] e820: [mem 0x80000000-0xfebfffff] available for PCI devices
[    0.000000] Booting paravirtualized kernel on KVM
[    0.000000] clocksource: refined-jiffies: mask: 0xffffffff max_cycles: 0xffffffff, max_idle_ns: 7645519600211568 ns
[    0.000000] setup_percpu: NR_CPUS:8192 nr_cpumask_bits:1 nr_cpu_ids:1 nr_node_ids:1
[    0.000000] percpu: Embedded 50 pages/cpu s167936 r8192 d28672 u2097152
[    0.000000] PV qspinlock hash table entries: 256 (order: 0, 4096 bytes)
[    0.000000] Built 1 zonelists, mobility grouping on.  Total pages: 515961
[    0.000000] Policy zone: DMA32
[    0.000000] Kernel command line: BOOT_IMAGE=/boot/vmlinuz-4.15.0-212-generic root=LABEL=cloudimg-rootfs ro console=tty1 console=ttyS0
[    0.000000] Memory: 2015036K/2096696K available (12300K kernel code, 2477K rwdata, 4324K rodata, 2480K init, 2720K bss, 81660K reserved, 0K cma-reserved)
[    0.000000] SLUB: HWalign=64, Order=0-3, MinObjects=0, CPUs=1, Nodes=1
[    0.000000] Kernel/User page tables isolation: enabled
[    0.000000] ftrace: allocating 39508 entries in 155 pages
[    0.004000] Hierarchical RCU implementation.
[    0.004000] 	RCU restricting CPUs from NR_CPUS=8192 to nr_cpu_ids=1.
[    0.004000] 	Tasks RCU enabled.
[    0.004000] RCU: Adjusting geometry for rcu_fanout_leaf=16, nr_cpu_ids=1
[    0.004000] NR_IRQS: 524544, nr_irqs: 256, preallocated irqs: 16
[    0.004000] Console: colour VGA+ 80x25
[    0.004000] console [tty1] enabled
[    0.004000] console [ttyS0] enabled
[    0.004000] ACPI: Core revision 20170831
[    0.004000] ACPI: 2 ACPI AML tables successfully acquired and loaded
[    0.004000] APIC: Switch to symmetric I/O mode setup
[    0.004000] x2apic enabled
[    0.004000] Switched APIC routing to physical x2apic.
[    0.004000] ..TIMER: vector=0x30 apic1=0 pin1=2 apic2=-1 pin2=-1
[    0.004005] tsc: Detected 3141.642 MHz processor
[    0.004886] Calibrating delay loop (skipped) preset value.. 6283.28 BogoMIPS (lpj=12566568)
[    0.005662] pid_max: default: 32768 minimum: 301
[    0.008064] Security Framework initialized
[    0.008868] Yama: becoming mindful.
[    0.009616] AppArmor: AppArmor initialized
[    0.012173] Dentry cache hash table entries: 262144 (order: 9, 2097152 bytes)
[    0.016054] Inode-cache hash table entries: 131072 (order: 8, 1048576 bytes)
[    0.017545] Mount-cache hash table entries: 4096 (order: 3, 32768 bytes)
[    0.018984] Mountpoint-cache hash table entries: 4096 (order: 3, 32768 bytes)
[    0.020298] process: using mwait in idle threads
[    0.021269] Last level iTLB entries: 4KB 512, 2MB 8, 4MB 8
[    0.022336] Last level dTLB entries: 4KB 512, 2MB 32, 4MB 32, 1GB 0
[    0.024003] Spectre V1 : Mitigation: usercopy/swapgs barriers and __user pointer sanitization
[    0.025655] Spectre V2 : Mitigation: Retpolines
[    0.026527] Spectre V2 : Spectre v2 / SpectreRSB mitigation: Filling RSB on context switch
[    0.028000] Spectre V2 : Spectre v2 / SpectreRSB : Filling RSB on VMEXIT
[    0.028002] Speculative Store Bypass: Vulnerable
[    0.032036] MDS: Mitigation: Clear CPU buffers
[    0.033257] MMIO Stale Data: Unknown: No mitigations
[    0.043606] Freeing SMP alternatives memory: 36K
[    0.156628] APIC calibration not consistent with PM-Timer: 101ms instead of 100ms
[    0.158428] APIC delta adjusted to PM-Timer: 6249861 (6372483)
[    0.159802] smpboot: CPU0: Intel(R) Core(TM) i3-2100 CPU @ 3.10GHz (family: 0x6, model: 0x2a, stepping: 0x7)
[    0.160000] Performance Events: unsupported p6 CPU model 42 no PMU driver, software events only.
[    0.160053] Hierarchical SRCU implementation.
[    0.161602] NMI watchdog: Perf event create on CPU 0 failed with -2
[    0.163021] NMI watchdog: Perf NMI watchdog permanently disabled
[    0.164062] smp: Bringing up secondary CPUs ...
[    0.165113] smp: Brought up 1 node, 1 CPU
[    0.168008] smpboot: Max logical packages: 1
[    0.169109] smpboot: Total of 1 processors activated (6283.28 BogoMIPS)
[    0.172204] devtmpfs: initialized
[    0.176065] x86/mm: Memory block size: 128MB
[    0.178884] evm: security.selinux
[    0.180007] evm: security.SMACK64
[    0.181920] evm: security.SMACK64EXEC
[    0.184004] evm: security.SMACK64TRANSMUTE
[    0.186009] evm: security.SMACK64MMAP
[    0.188003] evm: security.apparmor
[    0.188937] evm: security.ima
[    0.189908] evm: security.capability
[    0.191056] clocksource: jiffies: mask: 0xffffffff max_cycles: 0xffffffff, max_idle_ns: 7645041785100000 ns
[    0.192024] futex hash table entries: 256 (order: 2, 16384 bytes)
[    0.196074] pinctrl core: initialized pinctrl subsystem
[    0.197805] RTC time:  0:44:04, date: 08/12/24
[    0.199388] NET: Registered protocol family 16
[    0.200124] audit: initializing netlink subsys (disabled)
[    0.201952] cpuidle: using governor ladder
[    0.204005] cpuidle: using governor menu
[    0.205302] ACPI: bus type PCI registered
[    0.206533] acpiphp: ACPI Hot Plug PCI Controller Driver version: 0.5
[    0.208013] audit: type=2000 audit(1723423449.584:1): state=initialized audit_enabled=0 res=1
[    0.212204] PCI: Using configuration type 1 for base access
[    0.214681] HugeTLB registered 2.00 MiB page size, pre-allocated 0 pages
[    0.216364] ACPI: Added _OSI(Module Device)
[    0.217567] ACPI: Added _OSI(Processor Device)
[    0.220009] ACPI: Added _OSI(3.0 _SCP Extensions)
[    0.221136] ACPI: Added _OSI(Processor Aggregator Device)
[    0.222406] ACPI: Added _OSI(Linux-Dell-Video)
[    0.223459] ACPI: Added _OSI(Linux-Lenovo-NV-HDMI-Audio)
[    0.224027] ACPI: Added _OSI(Linux-HPI-Hybrid-Graphics)
[    0.225561] ACPI: Executed 1 blocks of module-level executable AML code
[    0.232985] ACPI: Interpreter enabled
[    0.234005] ACPI: (supports S0 S5)
[    0.235493] ACPI: Using IOAPIC for interrupt routing
[    0.236452] PCI: Using host bridge windows from ACPI; if necessary, use "pci=nocrs" and report a bug
[    0.240287] ACPI: Enabled 2 GPEs in block 00 to 07
[    0.254502] ACPI: PCI Root Bridge [PCI0] (domain 0000 [bus 00-ff])
[    0.256011] acpi PNP0A03:00: _OSC: OS supports [ASPM ClockPM Segments MSI]
[    0.260505] acpi PNP0A03:00: _OSC: not requesting OS control; OS requires [ExtendedConfig ASPM ClockPM MSI]
[    0.262591] acpi PNP0A03:00: fail to add MMCONFIG information, can't access extended PCI configuration space under this bridge.
[    0.264595] PCI host bridge to bus 0000:00
[    0.268006] pci_bus 0000:00: root bus resource [io  0x0000-0x0cf7 window]
[    0.270067] pci_bus 0000:00: root bus resource [io  0x0d00-0xffff window]
[    0.272000] pci_bus 0000:00: root bus resource [mem 0x000a0000-0x000bffff window]
[    0.272004] pci_bus 0000:00: root bus resource [mem 0x80000000-0xfdffffff window]
[    0.274286] pci_bus 0000:00: root bus resource [bus 00-ff]
[    0.278415] pci 0000:00:01.1: legacy IDE quirk: reg 0x10: [io  0x01f0-0x01f7]
[    0.280004] pci 0000:00:01.1: legacy IDE quirk: reg 0x14: [io  0x03f6]
[    0.281539] pci 0000:00:01.1: legacy IDE quirk: reg 0x18: [io  0x0170-0x0177]
[    0.284005] pci 0000:00:01.1: legacy IDE quirk: reg 0x1c: [io  0x0376]
[    0.317970] pci 0000:00:07.0: quirk: [io  0x4000-0x403f] claimed by PIIX4 ACPI
[    0.319755] pci 0000:00:07.0: quirk: [io  0x4100-0x410f] claimed by PIIX4 SMB
[    0.341762] ACPI: PCI Interrupt Link [LNKA] (IRQs 5 9 10 *11)
[    0.343487] ACPI: PCI Interrupt Link [LNKB] (IRQs 5 9 *10 11)
[    0.344123] ACPI: PCI Interrupt Link [LNKC] (IRQs 5 *9 10 11)
[    0.345388] ACPI: PCI Interrupt Link [LNKD] (IRQs 5 9 10 *11)
[    0.346857] SCSI subsystem initialized
[    0.348104] pci 0000:00:02.0: vgaarb: setting as boot VGA device
[    0.349231] pci 0000:00:02.0: vgaarb: VGA device added: decodes=io+mem,owns=io+mem,locks=none
[    0.350820] pci 0000:00:02.0: vgaarb: bridge control possible
[    0.352002] vgaarb: loaded
[    0.352611] ACPI: bus type USB registered
[    0.353467] usbcore: registered new interface driver usbfs
[    0.354575] usbcore: registered new interface driver hub
[    0.356009] usbcore: registered new device driver usb
[    0.357242] EDAC MC: Ver: 3.0.0
[    0.358353] PCI: Using ACPI for IRQ routing
[    0.359589] NetLabel: Initializing
[    0.360003] NetLabel:  domain hash size = 128
[    0.361024] NetLabel:  protocols = UNLABELED CIPSOv4 CALIPSO
[    0.362379] NetLabel:  unlabeled traffic allowed by default
[    0.364108] clocksource: Switched to clocksource kvm-clock
[    0.380272] VFS: Disk quotas dquot_6.6.0
[    0.383312] VFS: Dquot-cache hash table entries: 512 (order 0, 4096 bytes)
[    0.385088] AppArmor: AppArmor Filesystem Enabled
[    0.386311] pnp: PnP ACPI init
[    0.388237] pnp: PnP ACPI: found 3 devices
[    0.395020] clocksource: acpi_pm: mask: 0xffffff max_cycles: 0xffffff, max_idle_ns: 2085701024 ns
[    0.397195] NET: Registered protocol family 2
[    0.398347] IP idents hash table entries: 32768 (order: 6, 262144 bytes)
[    0.400204] TCP established hash table entries: 16384 (order: 5, 131072 bytes)
[    0.402016] TCP bind hash table entries: 16384 (order: 6, 262144 bytes)
[    0.403616] TCP: Hash tables configured (established 16384 bind 16384)
[    0.408051] UDP hash table entries: 1024 (order: 3, 32768 bytes)
[    0.409648] UDP-Lite hash table entries: 1024 (order: 3, 32768 bytes)
[    0.411238] NET: Registered protocol family 1
[    0.412373] pci 0000:00:00.0: Limiting direct PCI/PCI transfers
[    0.413735] pci 0000:00:01.0: Activating ISA DMA hang workarounds
[    0.415172] pci 0000:00:02.0: Video device with shadowed ROM at [mem 0x000c0000-0x000dffff]
[    0.417257] Unpacking initramfs...
[    0.737376] Freeing initrd memory: 19528K
[    0.739583] clocksource: tsc: mask: 0xffffffffffffffff max_cycles: 0x2d48f169a3e, max_idle_ns: 440795319100 ns
[    0.742032] platform rtc_cmos: registered platform RTC device (no PNP device found)
[    0.744345] Scanning for low memory corruption every 60 seconds
[    0.746315] Initialise system trusted keyrings
[    0.747467] Key type blacklist registered
[    0.748530] workingset: timestamp_bits=36 max_order=19 bucket_order=0
[    0.750849] zbud: loaded
[    0.751899] squashfs: version 4.0 (2009/01/31) Phillip Lougher
[    0.753524] fuse init (API version 7.26)
[    0.755393] Key type asymmetric registered
[    0.756331] Asymmetric key parser 'x509' registered
[    0.757383] Block layer SCSI generic (bsg) driver version 0.4 loaded (major 246)
[    0.758993] io scheduler noop registered
[    0.759814] io scheduler deadline registered
[    0.760752] io scheduler cfq registered (default)
[    0.762006] ACPI: AC Adapter [AC] (on-line)
[    0.762939] input: Power Button as /devices/LNXSYSTM:00/LNXPWRBN:00/input/input0
[    0.764564] ACPI: Power Button [PWRF]
[    0.765432] input: Sleep Button as /devices/LNXSYSTM:00/LNXSLPBN:00/input/input1
[    0.766928] ACPI: Sleep Button [SLPF]
[    0.767864] Serial: 8250/16550 driver, 32 ports, IRQ sharing enabled
[    0.789977] 00:02: ttyS0 at I/O 0x3f8 (irq = 4, base_baud = 115200) is a 16550A
[    0.792976] Linux agpgart interface v0.103
[    0.794869] loop: module loaded
[    0.796019] scsi host0: ata_piix
[    0.796844] scsi host1: ata_piix
[    0.797593] ata1: PATA max UDMA/33 cmd 0x1f0 ctl 0x3f6 bmdma 0xd000 irq 14
[    0.798882] ata2: PATA max UDMA/33 cmd 0x170 ctl 0x376 bmdma 0xd008 irq 15
[    0.800489] tun: Universal TUN/TAP device driver, 1.6
[    0.801690] PPP generic driver version 2.4.2
[    0.802685] ehci_hcd: USB 2.0 'Enhanced' Host Controller (EHCI) Driver
[    0.803976] ehci-pci: EHCI PCI platform driver
[    0.804964] ehci-platform: EHCI generic platform driver
[    0.806018] ohci_hcd: USB 1.1 'Open' Host Controller (OHCI) Driver
[    0.807222] ohci-pci: OHCI PCI platform driver
[    0.808146] ohci-platform: OHCI generic platform driver
[    0.809226] uhci_hcd: USB Universal Host Controller Interface driver
[    0.810490] i8042: PNP: PS/2 Controller [PNP0303:PS2K,PNP0f03:PS2M] at 0x60,0x64 irq 1,12
[    0.812524] serio: i8042 KBD port at 0x60,0x64 irq 1
[    0.813501] serio: i8042 AUX port at 0x60,0x64 irq 12
[    0.814584] mousedev: PS/2 mouse device common for all mice
[    0.815916] input: AT Translated Set 2 keyboard as /devices/platform/i8042/serio0/input/input2
[    0.818058] rtc_cmos rtc_cmos: rtc core: registered rtc_cmos as rtc0
[    0.819325] rtc_cmos rtc_cmos: alarms up to one day, 114 bytes nvram
[    0.820624] i2c /dev entries driver
[    0.821416] device-mapper: uevent: version 1.0.3
[    0.822385] device-mapper: ioctl: 4.37.0-ioctl (2017-09-20) initialised: dm-devel@redhat.com
[    0.824039] ledtrig-cpu: registered to indicate activity on CPUs
[    0.825529] NET: Registered protocol family 10
[    0.829697] Segment Routing with IPv6
[    0.830580] NET: Registered protocol family 17
[    0.831527] Key type dns_resolver registered
[    0.832529] mce: Using 0 MCE banks
[    0.833234] RAS: Correctable Errors collector initialized.
[    0.834318] sched_clock: Marking stable (832413696, 0)->(1029319882, -196906186)
[    0.835913] registered taskstats version 1
[    0.836793] Loading compiled-in X.509 certificates
[    0.839992] Loaded X.509 cert 'Build time autogenerated kernel key: b5b26778eaa3ab3a4a6cee031137706e947d12ad'
[    0.842818] Loaded X.509 cert 'Canonical Ltd. Live Patch Signing: 14df34d1a87cf37625abec039ef2bf521249b969'
[    0.845660] Loaded X.509 cert 'Canonical Ltd. Kernel Module Signing: 88f752e560a1e0737e31163a466ad7b70a850c19'
[    0.847635] blacklist: Loading compiled-in revocation X.509 certificates
[    0.849049] Loaded X.509 cert 'Canonical Ltd. Secure Boot Signing: 61482aa2830d0ab2ad5af10b7250da9033ddcef0'
[    0.850978] Loaded X.509 cert 'Canonical Ltd. Secure Boot Signing (2017): 242ade75ac4a15e50d50c84b0d45ff3eae707a03'
[    0.853053] Loaded X.509 cert 'Canonical Ltd. Secure Boot Signing (ESM 2018): 365188c1d374d6b07c3c8f240f8ef722433d6a8b'
[    0.855130] Loaded X.509 cert 'Canonical Ltd. Secure Boot Signing (2019): c0746fd6c5da3ae827864651ad66ae47fe24b3e8'
[    0.857225] Loaded X.509 cert 'Canonical Ltd. Secure Boot Signing (2021 v1): a8d54bbb3825cfb94fa13c9f8a594a195c107b8d'
[    0.859395] Loaded X.509 cert 'Canonical Ltd. Secure Boot Signing (2021 v2): 4cf046892d6fd3c9a5b03f98d845f90851dc6a8c'
[    0.861551] Loaded X.509 cert 'Canonical Ltd. Secure Boot Signing (2021 v3): 100437bb6de6e469b581e61cd66bce3ef4ed53af'
[    0.863583] Loaded X.509 cert 'Canonical Ltd. Secure Boot Signing (Ubuntu Core 2019): c1d57b8f6b743f23ee41f4f7ee292f06eecadfb9'
[    0.865944] zswap: loaded using pool lzo/zbud
[    0.870009] Key type big_key registered
[    0.870884] Key type trusted registered
[    0.873124] Key type encrypted registered
[    0.873978] AppArmor: AppArmor sha1 policy hashing enabled
[    0.875105] ima: No TPM chip found, activating TPM-bypass! (rc=-19)
[    0.876373] ima: Allocated hash algorithm: sha1
[    0.877325] evm: HMAC attrs: 0x1
[    0.878209]   Magic number: 4:594:708
[    0.879057] rtc_cmos rtc_cmos: setting system clock to 2024-08-12 00:44:05 UTC (1723423445)
[    0.880817] BIOS EDD facility v0.16 2004-Jun-25, 0 devices found
[    0.881993] EDD information not available.
[    0.984241] Freeing unused kernel image memory: 2480K
[    0.992060] Write protecting the kernel read-only data: 20480k
[    0.995855] Freeing unused kernel image memory: 2008K
[    0.997876] Freeing unused kernel image memory: 1820K
[    1.009126] x86/mm: Checked W+X mappings: passed, no W+X pages found.
[    1.011460] x86/mm: Checking user space page tables
[    1.022103] x86/mm: Checked W+X mappings: passed, no W+X pages found.
Loading, please wait...
starting version 237
[    1.150252] e1000: Intel(R) PRO/1000 Network Driver - version 7.3.21-k8-NAPI
[    1.151848] e1000: Copyright (c) 1999-2006 Intel Corporation.
[    1.158310] Fusion MPT base driver 3.04.20
[    1.159351] Copyright (c) 1999-2008 LSI Corporation
[    1.180879] Fusion MPT SPI Host driver 3.04.20
[    1.371372] input: ImExPS/2 Generic Explorer Mouse as /devices/platform/i8042/serio1/input/input4
[    1.581749] e1000 0000:00:03.0 eth0: (PCI:33MHz:32-bit) 02:3b:7b:b7:3b:2d
[    1.586021] e1000 0000:00:03.0 eth0: Intel(R) PRO/1000 Network Connection
[    1.588642] mptbase: ioc0: Initiating bringup
[    1.696396] ioc0: LSI53C1030 A0: Capabilities={Initiator}
[    1.938276] scsi host2: ioc0: LSI53C1030 A0, FwRev=00000000h, Ports=1, MaxQ=256, IRQ=20
[    2.108506] scsi 2:0:0:0: Direct-Access     VBOX     HARDDISK         1.0  PQ: 0 ANSI: 5
[    2.113633] scsi target2:0:0: Beginning Domain Validation
[    2.120454] scsi target2:0:0: Domain Validation skipping write tests
[    2.122998] scsi target2:0:0: Ending Domain Validation
[    2.125225] scsi target2:0:0: asynchronous
[    2.127841] scsi 2:0:1:0: Direct-Access     VBOX     HARDDISK         1.0  PQ: 0 ANSI: 5
[    2.131521] scsi target2:0:1: Beginning Domain Validation
[    2.135737] scsi target2:0:1: Domain Validation skipping write tests
[    2.138612] scsi target2:0:1: Ending Domain Validation
[    2.141103] scsi target2:0:1: asynchronous
[    2.151266] sd 2:0:0:0: [sda] 83886080 512-byte logical blocks: (42.9 GB/40.0 GiB)
[    2.154907] sd 2:0:0:0: Attached scsi generic sg0 type 0
[    2.163080] sd 2:0:0:0: [sda] Write Protect is off
[    2.165955] sd 2:0:1:0: [sdb] 20480 512-byte logical blocks: (10.5 MB/10.0 MiB)
[    2.169303] sd 2:0:1:0: Attached scsi generic sg1 type 0
[    2.176847] sd 2:0:1:0: [sdb] Write Protect is off
[    2.178723] sd 2:0:0:0: [sda] Incomplete mode parameter data
[    2.180804] sd 2:0:0:0: [sda] Assuming drive cache: write through
[    2.183170] sd 2:0:1:0: [sdb] Incomplete mode parameter data
[    2.185127] sd 2:0:1:0: [sdb] Assuming drive cache: write through
[    2.188282]  sda: sda1
[    2.189871] sd 2:0:0:0: [sda] Attached SCSI disk
[    2.231961] sd 2:0:1:0: [sdb] Attached SCSI disk
[    2.558720] e1000 0000:00:08.0 eth1: (PCI:33MHz:32-bit) 08:00:27:bd:f7:9f
[    2.560634] e1000 0000:00:08.0 eth1: Intel(R) PRO/1000 Network Connection
[    2.564279] e1000 0000:00:08.0 enp0s8: renamed from eth1
[    2.568437] e1000 0000:00:03.0 enp0s3: renamed from eth0
Begin: Loading essential drivers ... [    4.076861] raid6: sse2x1   gen()  9771 MB/s
[    4.140793] raid6: sse2x1   xor()  6745 MB/s
[    4.204790] raid6: sse2x2   gen() 11424 MB/s
[    4.268785] raid6: sse2x2   xor()  7749 MB/s
[    4.340640] raid6: sse2x4   gen() 15983 MB/s
[    4.401905] raid6: sse2x4   xor()  8601 MB/s
[    4.403605] raid6: using algorithm sse2x4 gen() 15983 MB/s
[    4.404989] raid6: .... xor() 8601 MB/s, rmw enabled
[    4.406149] raid6: using ssse3x2 recovery algorithm
[    4.409343] xor: automatically using best checksumming function   avx       
[    4.412711] async_tx: api initialized (async)
done.
Begin: Running /scripts/init-premount ... done.
Begin: Mounting root file system ... Begin: Running /scripts/local-top ... done.
Begin: Running /scripts/local-premount ... [    4.472558] Btrfs loaded, crc32c=crc32c-intel
Scanning for Btrfs filesystems
done.
Warning: fsck not present, so skipping root file system
[    4.508147] EXT4-fs (sda1): mounted filesystem with ordered data mode. Opts: (null)
done.
Begin: Running /scripts/local-bottom ... done.
Begin: Running /scripts/init-bottom ... done.
[    4.747187] ip_tables: (C) 2000-2006 Netfilter Core Team
[    4.765194] systemd[1]: systemd 237 running in system mode. (+PAM +AUDIT +SELINUX +IMA +APPARMOR +SMACK +SYSVINIT +UTMP +LIBCRYPTSETUP +GCRYPT +GNUTLS +ACL +XZ +LZ4 +SECCOMP +BLKID +ELFUTILS +KMOD -IDN2 +IDN -PCRE2 default-hierarchy=hybrid)
[    4.774011] systemd[1]: Detected virtualization oracle.
[    4.776072] systemd[1]: Detected architecture x86-64.

Welcome to [1mUbuntu 18.04.6 LTS[0m!

[    4.782993] systemd[1]: Set hostname to <ubuntu>.
[    4.788591] random: systemd: uninitialized urandom read (16 bytes read)
[    4.791328] systemd[1]: Initializing machine ID from random generator.
[    4.794100] systemd[1]: Installed transient /etc/machine-id file.
[    5.129064] random: systemd: uninitialized urandom read (16 bytes read)
[    5.131807] systemd[1]: Set up automount Arbitrary Executable File Formats File System Automount Point.
[[0;32m  OK  [0m] Set up automount Arbitrary Executabâ€¦rmats File System Automount Point.
[    5.137162] random: systemd: uninitialized urandom read (16 bytes read)
[    5.139863] systemd[1]: Started Forward Password Requests to Wall Directory Watch.
[[0;32m  OK  [0m] Started Forward Password Requests to Wall Directory Watch.
[    5.143777] systemd[1]: Reached target Swap.
[[0;32m  OK  [0m] Reached target Swap.
[    5.147127] systemd[1]: Created slice User and Session Slice.
[[0;32m  OK  [0m] Created slice User and Session Slice.
[[0;32m  OK  [0m] Reached target Mounting snaps.
[[0;32m  OK  [0m] Reached target User and Group Name Lookups.
[[0;32m  OK  [0m] Reached target System Time Synchronized.
[[0;32m  OK  [0m] Reached target Mounted snaps.
[[0;32m  OK  [0m] Created slice System Slice.
[[0;32m  OK  [0m] Listening on /dev/initctl Compatibility Named Pipe.
[[0;32m  OK  [0m] Listening on Device-mapper event daemon FIFOs.
[[0;32m  OK  [0m] Listening on udev Control Socket.
[[0;32m  OK  [0m] Listening on Journal Socket.
         Starting Create list of required stâ€¦ce nodes for the current kernel...
         Mounting Huge Pages File System...
         Starting Set the console keyboard layout...
         Mounting Kernel Debug File System...
[[0;32m  OK  [0m] Listening on LVM2 poll daemon socket.
[[0;32m  OK  [0m] Created slice system-serial\x2dgetty.slice.
         Mounting POSIX Message Queue File System...
         Starting Load Kernel Modules...
[[0;32m  OK  [0m] Reached target Slices.
[[0;32m  OK  [0m] Listening on LVM2 metadata daemon socket.
[[0;32m  OK  [0m] Listening on udev Kernel Socket.
[[0;32m  OK  [0m] Listening on fsck to fsckd communication Socket.
         Starting File System Check on Root Device...
[[0;32m  OK  [0m] Listening on Syslog Socket.
[[0;32m  OK  [0m] Listening on Journal Socket (/dev/log).
         Starting Monitoring of LVM2 mirrorsâ€¦ng dmeventd or progress polling...
[[0;32m  OK  [0m] Listening on Network Service Netlink Socket.
[[0;32m  OK  [0m] Listening on Journal Audit Socket.
         Starting Journal Service...
         Starting udev Coldplug all Devices...
         Starting Uncomplicated firewall...
[[0;32m  OK  [0m] Started Create list of required staâ€¦vice nodes for the current kernel.
[[0;32m  OK  [0m] Mounted Huge Pages File System.
[[0;32m  OK  [0m] Mounted Kernel Debug File System.
[[0;32m  OK  [0m] Mounted POSIX Message Queue File System.
[[0;32m  OK  [0m] Started File System Check Daemon to report status.
         Starting Create Static Device Nodes in /dev...
[[0;32m  OK  [0m] Started LVM2 metadata daemon.
[    5.325390] Loading iSCSI transport class v2.0-870.
[[0;32m  OK  [0m] Started udev Coldplug all Devices.
[[0;32m  OK  [0m] Started Create Static Device Nodes in /dev.
[[0;32m  OK  [0m] Started Journal Service.
[[0;32m  OK  [0m] Started Uncomplicated firewall.
[    5.409960] iscsi: registered transport (tcp)
[    5.431087] iscsi: registered transport (iser)
[[0;32m  OK  [0m] Started Load Kernel Modules.
         Starting Apply Kernel Variables...
         Mounting Kernel Configuration File System...
         Mounting FUSE Control File System...
[[0;32m  OK  [0m] Started File System Check on Root Device.
[[0;32m  OK  [0m] Mounted FUSE Control File System.
         Starting Remount Root and Kernel File Systems...
[[0;32m  OK  [0m] Mounted Kernel Configuration File System.
[[0;32m  OK  [0m] Started Remount Root and Kernel File Systems.
         Starting Load/Save Random Seed...
         Starting Flush Journal to Persistent Storage...
         Starting udev Kernel Device Manager...
[[0;32m  OK  [0m] Started Monitoring of LVM2 mirrors,â€¦sing dmeventd or progress polling.
[[0;32m  OK  [0m] Started Apply Kernel Variables.
[[0;32m  OK  [0m] Started Load/Save Random Seed.
[[0;32m  OK  [0m] Started udev Kernel Device Manager.
[[0;32m  OK  [0m] Started Flush Journal to Persistent Storage.
[[0;32m  OK  [0m] Found device /dev/ttyS0.
[[0;32m  OK  [0m] Listening on Load/Save RF Kill Switch Status /dev/rfkill Watch.
         Mounting Arbitrary Executable File Formats File System...
[[0;32m  OK  [0m] Mounted Arbitrary Executable File Formats File System.
[[0;32m  OK  [0m] Started Set the console keyboard layout.
[[0;32m  OK  [0m] Started Dispatch Password Requests to Console Directory Watch.
[[0;32m  OK  [0m] Reached target Local Encrypted Volumes.
[[0;32m  OK  [0m] Reached target Local File Systems (Pre).
[[0;32m  OK  [0m] Reached target Local File Systems.
         Starting Create Volatile Files and Directories...
         Starting Set console font and keymap...
         Starting Tell Plymouth To Write Out Runtime Data...
         Starting AppArmor initialization...
         Starting ebtables ruleset management...
         Starting Commit a transient machine-id on disk...
[[0;32m  OK  [0m] Started Tell Plymouth To Write Out Runtime Data.
[[0;32m  OK  [0m] Started Create Volatile Files and Directories.
         Starting Update UTMP about System Boot/Shutdown...
[[0;32m  OK  [0m] Started Commit a transient machine-id on disk.
[[0;32m  OK  [0m] Started Update UTMP about System Boot/Shutdown.
[[0;32m  OK  [0m] Started ebtables ruleset management.
[[0;32m  OK  [0m] Started AppArmor initialization.
         Starting Load AppArmor profiles managed internally by snapd...
         Starting Initial cloud-init job (pre-networking)...
[[0;32m  OK  [0m] Started Load AppArmor profiles managed internally by snapd.
[[0;32m  OK  [0m] Started Set console font and keymap.
[   11.275779] cloud-init[742]: Cloud-init v. 23.1.2-0ubuntu0~18.04.1 running 'init-local' at Mon, 12 Aug 2024 00:44:15 +0000. Up 10.90 seconds.
[[0;32m  OK  [0m] Started Initial cloud-init job (pre-networking).
[[0;32m  OK  [0m] Reached target Network (Pre).
         Starting Network Service...
[[0;32m  OK  [0m] Started Network Service.
         Starting Network Name Resolution...
         Starting Wait for Network to be Configured...
[[0;32m  OK  [0m] Started Network Name Resolution.
[[0;32m  OK  [0m] Reached target Host and Network Name Lookups.
[[0;32m  OK  [0m] Reached target Network.
[[0;32m  OK  [0m] Started Wait for Network to be Configured.
         Starting Initial cloud-init job (metadata service crawler)...
[   14.057560] cloud-init[862]: Cloud-init v. 23.1.2-0ubuntu0~18.04.1 running 'init' at Mon, 12 Aug 2024 00:44:18 +0000. Up 13.82 seconds.
[   14.061355] cloud-init[862]: ci-info: ++++++++++++++++++++++++++++++++++++++Net device info+++++++++++++++++++++++++++++++++++++++
[   14.066419] cloud-init[862]: ci-info: +--------+-------+----------------------------+---------------+--------+-------------------+
[   14.070694] cloud-init[862]: ci-info: | Device |   Up  |          Address           |      Mask     | Scope  |     Hw-Address    |
[   14.075692] cloud-init[862]: ci-info: +--------+-------+----------------------------+---------------+--------+-------------------+
[   14.077649] cloud-init[862]: ci-info: | enp0s3 |  True |         10.0.2.15          | 255.255.255.0 | global | 02:3b:7b:b7:3b:2d |
[   14.083892] cloud-init[862]: ci-info: | enp0s3 |  True | fe80::3b:7bff:feb7:3b2d/64 |       .       |  link  | 02:3b:7b:b7:3b:2d |
[   14.085824] cloud-init[862]: ci-info: | enp0s8 | False |             .              |       .       |   .    | 08:00:27:bd:f7:9f |
[   14.090966] cloud-init[862]: ci-info: |   lo   |  True |         127.0.0.1          |   255.0.0.0   |  host  |         .         |
[   14.096364] cloud-init[862]: ci-info: |   lo   |  True |          ::1/128           |       .       |  host  |         .         |
[   14.098513] cloud-init[862]: ci-info: +--------+-------+----------------------------+---------------+--------+-------------------+
[   14.100804] cloud-init[862]: ci-info: ++++++++++++++++++++++++++++Route IPv4 info+++++++++++++++++++++++++++++
[   14.102881] cloud-init[862]: ci-info: +-------+-------------+----------+-----------------+-----------+-------+
[   14.108462] cloud-init[862]: ci-info: | Route | Destination | Gateway  |     Genmask     | Interface | Flags |
[   14.110643] cloud-init[862]: ci-info: +-------+-------------+----------+-----------------+-----------+-------+
[   14.112227] cloud-init[862]: ci-info: |   0   |   0.0.0.0   | 10.0.2.2 |     0.0.0.0     |   enp0s3  |   UG  |
[   14.114029] cloud-init[862]: ci-info: |   1   |   10.0.2.0  | 0.0.0.0  |  255.255.255.0  |   enp0s3  |   U   |
[   14.116138] cloud-init[862]: ci-info: |   2   |   10.0.2.2  | 0.0.0.0  | 255.255.255.255 |   enp0s3  |   UH  |
[   14.121435] cloud-init[862]: ci-info: +-------+-------------+----------+-----------------+-----------+-------+
[   14.123026] cloud-init[862]: ci-info: +++++++++++++++++++Route IPv6 info+++++++++++++++++++
[   14.124549] cloud-init[862]: ci-info: +-------+-------------+---------+-----------+-------+
[   14.126014] cloud-init[862]: ci-info: | Route | Destination | Gateway | Interface | Flags |
[   14.128202] cloud-init[862]: ci-info: +-------+-------------+---------+-----------+-------+
[   14.142306] cloud-init[862]: ci-info: |   1   |  fe80::/64  |    ::   |   enp0s3  |   U   |
[   14.143379] cloud-init[862]: ci-info: |   3   |    local    |    ::   |   enp0s3  |   U   |
[   14.148469] cloud-init[862]: ci-info: |   4   |   ff00::/8  |    ::   |   enp0s3  |   U   |
[   14.149645] cloud-init[862]: ci-info: +-------+-------------+---------+-----------+-------+
[   14.922340] cloud-init[862]: Generating public/private rsa key pair.
[   14.923947] cloud-init[862]: Your identification has been saved in /etc/ssh/ssh_host_rsa_key.
[   14.925384] cloud-init[862]: Your public key has been saved in /etc/ssh/ssh_host_rsa_key.pub.
[   14.942584] cloud-init[862]: The key fingerprint is:
[   14.943649] cloud-init[862]: SHA256:WTjGnLsAhGoJfOfqc7c5jxpkMF0X9+bEofGlYdKWapU root@ubuntu-bionic
[   14.945328] cloud-init[862]: The key's randomart image is:
[   14.946516] cloud-init[862]: +---[RSA 2048]----+
[   14.947329] cloud-init[862]: |.  ..  . o.+.+o. |
[   14.948070] cloud-init[862]: |...o...o.o. OE=  |
[   14.948716] cloud-init[862]: |..oo+.  B ..+B   |
[   14.949684] cloud-init[862]: |.o  oo . = o+    |
[   14.950739] cloud-init[862]: |.   .o. S .  .   |
[   14.968249] cloud-init[862]: |   .o  . .       |
[   14.968753] cloud-init[862]: |  .  .  .        |
[   14.969815] cloud-init[862]: |   o ..oo        |
[   14.970892] cloud-init[862]: |    o.o++.       |
[   14.971926] cloud-init[862]: +----[SHA256]-----+
[   14.973063] cloud-init[862]: Generating public/private dsa key pair.
[   14.992343] cloud-init[862]: Your identification has been saved in /etc/ssh/ssh_host_dsa_key.
[[0;32m  OK  [0m] Started Initial cloud-init job (metadata service crawler).
[   15.019971] cloud-init[862]: Your public key has been saved in /etc/ssh/ssh_host_dsa_key.pub.
[[0;32m  OK  [0m] Reached target Network is Online.
[   15.023063] cloud-init[862]: The key fingerprint is:
[   15.024436] [[0;32m  OK  [0m] Reached target Remote File Systems (Pre).
[[0;32m  OK  [0m] Reached target Remote File Systems.
cloud-init[862]:          Starting Availability of block devices...
[[0;32m  OK  [0m] Reached target System Initialization.
[[0;32m  OK  [0m] Started Daily Cleanup of Temporary Directories.
SHA256:7Off0+pQlucp4qa+7G/NX4VM2BzIBwjNfMzP4VPp658 root@ubuntu-bionic
         Starting LXD - unix socket.
[   15.040659] cloud-init[862]: The key's randomart image is:
         Starting Socket activation for snappy daemon.
[[0;32m  OK  [0m] Started Ubuntu Advantage Timer for running repeated jobs.
[[0;32m  OK  [0m] Started ACPI Events Check.
[[0;32m  OK  [0m] Reached target Paths.
[[0;32m  OK  [0m] Listening on UUID daemon activation socket.
[[0;32m  OK  [0m] Listening on Open-iSCSI iscsid Socket.
[[0;32m  OK  [0m] Listening on ACPID Listen Socket.
[[0;32m  OK  [0m] Listening on D-Bus System Message Bus Socket.
[   15.044238] cloud-init[862]: +---[DSA 1024]----+
[[0;32m  OK  [0m] Started Daily apt download activities.
[   15.061205] cloud-init[862]: |        .= =.o. .|
[[0;32m  OK  [0m] Started Daily apt upgrade and clean activities.
[[0;32m  OK  [0m] Started Discard unused blocks once a week.
[[0;32m  OK  [0m] Listening on cloud-init hotplug hook socket.
[   15.066954] cloud-init[862]: |          = *+oo.|
[[0;32m  OK  [0m] Started Message of the Day.
[   15.069235] cloud-init[862]: |           ..==o |
[[0;32m  OK  [0m] Reached target Timers.
[   15.072171] cloud-init[862]: |       .     o=+ |
[[0;32m  OK  [0m] Reached target Cloud-config availability.
[[0;32m  OK  [0m] Started Availability of block devices.
[[0;32m  OK  [0m] Listening on LXD - unix socket.
[[0;32m  OK  [0m] Listening on Socket activation for snappy daemon.
[[0;32m  OK  [0m] Reached target Sockets.
[[0;32m  OK  [0m] Reached target Basic System.
[[0;32m  OK  [0m] Started Deferred execution scheduler.
[   15.077402] cloud-init[862]: |        S     *.+|
[[0;32m  OK  [0m] Started irqbalance daemon.
         Starting Virtualbox guest utils...
[[   15.112364] cloud-init[862]: |       .     o +o|
[   15.117485] cloud-init[862]: |        . ..+..oo|
[   15.118509] cloud-init[862]: |        .o.o.=o.+|
[   15.119235] cloud-init[862]: |        o*B+..=Eo|
[   15.120057] [0;32m  OK  [0m] Started D-Bus System Message Bus.
cloud-init[862]: +----[SHA256]-----+
[   15.131432] cloud-init[862]: Generating public/private ecdsa key pair.
[   15.141209] cloud-init[862]: Your identification has been saved in /etc/ssh/ssh_host_ecdsa_key.
[   15.148054] cloud-init[862]: Your public key has been saved in /etc/ssh/ssh_host_ecdsa_key.pub.
[   15.151403] cloud-init[862]: The key fingerprint is:
[   15.156728] cloud-init[862]: SHA256:4HaKqbHqiojBlcvAFrNvq04yev8+2SNQ3NbupH1x1ZA root@ubuntu-bionic
[   15.159286] cloud-init[862]: The key's randomart image is:
[   15.162009] cloud-init[862]: +---[ECDSA 256]---+
[   15.163250] cloud-init[862]: |               . |
[   15.165804] cloud-init[862]: |              E  |
[   15.188096]          Starting Dispatcher daemon for systemd-networkd...
         cloud-init[862]: | o   ... .     ..|
[   15.193185] cloud-init[862]: |. + ..o.o .     o|
[   15.194386] cloud-init[862]: | = o .o.S.     . |
[   15.195229] cloud-init[862]: |o = o+ o  o . .  |
Starting Accounts Service...
         Starting Permit User Sessions...
         Starting Pollinate to seed the pseudo random number generator...
[   15.206297] cloud-init[862]: |+o.=o..o =   o   |
         Starting LXD - container startup/shutdown...
         Starting LSB: automatic crash report generation...
[   15.242632] cloud-init[862]: |Boo+. + + o .    |
[   15.244934] cloud-init[862]: |@*+o.ooo . .     |
[   15.247983] cloud-init[862]: +----[SHA256]-----+
[   15.251129] cloud-init[862]: Generating public/private ed25519 key pair.
[   15.252599] cloud-init[862]: Your identification has been saved in /etc/ssh/ssh_host_ed25519_key.
[   15.255829] cloud-init[862]: Your public key has been saved in /etc/ssh/ssh_host_ed25519_key.pub.
[   15.259630] cloud-init[862]: The key fingerprint is:
[   15.262429] cloud-init[862]: SHA256:sHr8B3tgGF0LVhcyGbeKQ4wjRHZzjr9DcokmnArIwNI root@ubuntu-bionic
[   15.265360] cloud-init[862]: The key's randomart image is:
[   15.267374] cloud-init[862]: +--[ED25519 256]--+
[   15.268588] cloud-init[862]: |   .+ o ..=o+.   |
[   15.273825] cloud-init[862]: |.. o . Bo o= .   |
[   15.275278] cloud-init[862]: |o.E . =o+o ..    |
[   15.278752] cloud-init[862]: |=  . o.B.o..     |
[   15.280274] cloud-init[862]: |o.  + =oS .      |
[   15.281695] cloud-init[862]: | . . =.++o       |
[   15.292012] cloud-init[862]: |  . . o.o+       |
         [   15.320493] cloud-init[862]: |     . ...o      |
[   15.322382] cloud-init[862]: |        .o       |
[   15.323103] cloud-init[862]: +----[SHA256]-----+
Starting Snap Daemon...
         Starting Login Service...
         Starting LSB: Record successful boot for GRUB...
[[0;32m  OK  [0m] Started Regular background program processing daemon.
[[0;32m  OK  [0m] Started FUSE filesystem for LXC.
         Starting System Logging Service...
[[0;32m  OK  [0m] Reached target Login Prompts (Pre).
[[0;32m  OK  [0m] Started Permit User Sessions.
         Starting Terminate Plymouth Boot Screen...
         Starting Hold until boot process finishes up...
[[0;32m  OK  [0m] Started Hold until boot process finishes up.
         Starting Set console scheme...
[[0;32m  OK  [0m] Started Serial Getty on ttyS0.
[[0;32m  OK  [0m] Started Terminate Plymouth Boot Screen.
[[0;32m  OK  [0m] Started System Logging Service.
[[0;32m  OK  [0m] Started Set console scheme.
[[0;32m  OK  [0m] Created slice system-getty.slice.
[[0;32m  OK  [0m] Started Getty on tty1.
[[0;32m  OK  [0m] Reached target Login Prompts.
         Starting Authorization Manager...
[[0;32m  OK  [0m] Started Login Service.
[[0;32m  OK  [0m] Started Unattended Upgrades Shutdown.
[[0;32m  OK  [0m] Started LSB: automatic crash report generation.
[[0;32m  OK  [0m] Started Authorization Manager.
[[0;32m  OK  [0m] Started Accounts Service.
[[0;32m  OK  [0m] Started LSB: Record successful boot for GRUB.
[[0;32m  OK  [0m] Started Virtualbox guest utils.
[[0;32m  OK  [0m] Started LXD - container startup/shutdown.
[[0;32m  OK  [0m] Started Dispatcher daemon for systemd-networkd.
[[0;32m  OK  [0m] Started Snap Daemon.
         Starting Wait until snapd is fully seeded...
[[0;32m  OK  [0m] Started Pollinate to seed the pseudo random number generator.
         Starting OpenBSD Secure Shell server...
[[0;32m  OK  [0m] Started OpenBSD Secure Shell server.
[[0;32m  OK  [0m] Created slice User Slice of vagrant.
[[0;32m  OK  [0m] Started Session 1 of user vagrant.
         Starting User Manager for UID 1000...
         Starting Time & Date Service...
[[0;32m  OK  [0m] Started Time & Date Service.
[[0;32m  OK  [0m] Started User Manager for UID 1000.

Ubuntu 18.04.6 LTS ubuntu-bionic ttyS0

ubuntu-bionic login: [   22.082126] cloud-init[1383]: Cloud-init v. 23.1.2-0ubuntu0~18.04.1 running 'modules:config' at Mon, 12 Aug 2024 00:44:26 +0000. Up 21.48 seconds.
ci-info: no authorized SSH keys fingerprints found for user ubuntu.
<14>Aug 12 00:44:27 cloud-init: #############################################################
<14>Aug 12 00:44:27 cloud-init: -----BEGIN SSH HOST KEY FINGERPRINTS-----
<14>Aug 12 00:44:27 cloud-init: 1024 SHA256:7Off0+pQlucp4qa+7G/NX4VM2BzIBwjNfMzP4VPp658 root@ubuntu-bionic (DSA)
<14>Aug 12 00:44:27 cloud-init: 256 SHA256:4HaKqbHqiojBlcvAFrNvq04yev8+2SNQ3NbupH1x1ZA root@ubuntu-bionic (ECDSA)
<14>Aug 12 00:44:27 cloud-init: 256 SHA256:sHr8B3tgGF0LVhcyGbeKQ4wjRHZzjr9DcokmnArIwNI root@ubuntu-bionic (ED25519)
<14>Aug 12 00:44:27 cloud-init: 2048 SHA256:WTjGnLsAhGoJfOfqc7c5jxpkMF0X9+bEofGlYdKWapU root@ubuntu-bionic (RSA)
<14>Aug 12 00:44:27 cloud-init: -----END SSH HOST KEY FINGERPRINTS-----
<14>Aug 12 00:44:27 cloud-init: #############################################################
-----BEGIN SSH HOST KEY KEYS-----
ecdsa-sha2-nistp256 AAAAE2VjZHNhLXNoYTItbmlzdHAyNTYAAAAIbmlzdHAyNTYAAABBBMDJmy6a37hI++ySUAwaQBN+t0/Hw79UiY+Om5kztIdnV5GTwFnrP2ZdbqzUPeeZIrGNvvNgrRY4US2rg+YIxCs= root@ubuntu-bionic
ssh-ed25519 AAAAC3NzaC1lZDI1NTE5AAAAIGCE6jb9jXPpGVm2lOcbzvcs8SSbpfBREit6Wyv5ZmZT root@ubuntu-bionic
ssh-rsa AAAAB3NzaC1yc2EAAAADAQABAAABAQDD2F6bDia/GVwsNIY9O92plLOK5PlsSO1gya/RAnKSrkAu9rQGmYPIIAOEz8kxUipKjRh4/n+c1N5Dgs1vRi/GQaFfJfhxlcljrW/4pf+aRygOAm2iCUN5wBUZ/gF4ng5VIDurnjw01MXs7EQNrEEpd2Yft1DYSnOXpw5pap/THfaRLOJFH3sQ4+iBJJ6Qu3FRT2Y5vGi8eKuF+uA2X/dq40Ey7S2jhSwMtum2lIX8jisiOPy6BBYK6llixpP4xVZJzJ+3fT7TF7dPKzHKWoFAU91vm8x/heXVCql6Tx8sxT03gok9sRlE3hruvbDYwTUHoolgxPk9EvBqrc4Qu1PN root@ubuntu-bionic
-----END SSH HOST KEY KEYS-----
[   23.191475] cloud-init[1482]: Cloud-init v. 23.1.2-0ubuntu0~18.04.1 running 'modules:final' at Mon, 12 Aug 2024 00:44:27 +0000. Up 22.89 seconds.
[   23.194002] cloud-init[1482]: Cloud-init v. 23.1.2-0ubuntu0~18.04.1 finished at Mon, 12 Aug 2024 00:44:27 +0000. Datasource DataSourceNoCloud [seed=/dev/sdb][dsmode=net].  Up 23.18 seconds
[  524.284497] watchdog: BUG: soft lockup - CPU#0 stuck for 22s! [ksoftirqd/0:7]
[  826.111592] INFO: task sync:8273 blocked for more than 120 seconds.
[  829.642439]       Tainted: G             L   4.15.0-212-generic #223-Ubuntu
[  832.947444] "echo 0 > /proc/sys/kernel/hung_task_timeout_secs" disables this message.
[  883.559476] sd 2:0:0:0: [sda] tag#0 Medium access timeout failure. Offlining disk!
[  883.596891] print_req_error: I/O error, dev sda, sector 2512888
[  883.635174] Buffer I/O error on device sda1, logical block 313855
[  883.636708] print_req_error: I/O error, dev sda, sector 3893248
[  883.637661] Buffer I/O error on device sda1, logical block 486400
[  883.639547] Buffer I/O error on device sda1, logical block 486401
[  883.642777] Buffer I/O error on device sda1, logical block 486402
[  883.644377] Buffer I/O error on device sda1, logical block 486403
[  883.646223] Buffer I/O error on device sda1, logical block 486404
[  883.647763] Buffer I/O error on device sda1, logical block 486405
[  883.650545] Buffer I/O error on device sda1, logical block 486406
[  883.651620] Buffer I/O error on device sda1, logical block 486407
[  883.652869] Buffer I/O error on device sda1, logical block 486408
[  886.355561] sd 2:0:0:0: rejecting I/O to offline device
[  886.382004] print_req_error: I/O error, dev sda, sector 3951072
[  886.383812] print_req_error: I/O error, dev sda, sector 3948512
[  886.384936] print_req_error: I/O error, dev sda, sector 3946976
[  886.386022] print_req_error: I/O error, dev sda, sector 3944416
[  886.387521] print_req_error: I/O error, dev sda, sector 3916288
[  886.388860] print_req_error: I/O error, dev sda, sector 3913728
[  886.390265] sd 2:0:0:0: rejecting I/O to offline device
[  886.392115] print_req_error: I/O error, dev sda, sector 3912192
[  886.393215] print_req_error: I/O error, dev sda, sector 3909632
[  886.394807] sd 2:0:0:0: rejecting I/O to offline device
[  886.395663] sd 2:0:0:0: rejecting I/O to offline device
[  886.396653] sd 2:0:0:0: rejecting I/O to offline device
[  886.397754] sd 2:0:0:0: rejecting I/O to offline device
[  886.398736] sd 2:0:0:0: rejecting I/O to offline device
[  886.400283] sd 2:0:0:0: rejecting I/O to offline device
[  886.401690] sd 2:0:0:0: rejecting I/O to offline device
[  886.402826] sd 2:0:0:0: rejecting I/O to offline device
[  886.404430] sd 2:0:0:0: rejecting I/O to offline device
[  886.406091] sd 2:0:0:0: rejecting I/O to offline device
[  886.408939] Aborting journal on device sda1-8.
[  886.411758] sd 2:0:0:0: rejecting I/O to offline device
[  886.412972] EXT4-fs error (device sda1): ext4_journal_check_start:61: Detected aborted journal
[  886.414555] EXT4-fs (sda1): Remounting filesystem read-only
[  886.416148] sd 2:0:0:0: rejecting I/O to offline device
[  886.417336] JBD2: Error -5 detected when updating journal superblock for sda1-8.
[  886.427584] EXT4-fs (sda1): previous I/O error to superblock detected
[  886.467747] sd 2:0:0:0: rejecting I/O to offline device
[  930.706759] sd 2:0:0:0: rejecting I/O to offline device
[  935.928532] sd 2:0:0:0: rejecting I/O to offline device
[  964.438558] sd 2:0:0:0: rejecting I/O to offline device
[  964.553286] sd 2:0:0:0: rejecting I/O to offline device
[  964.556701] sd 2:0:0:0: rejecting I/O to offline device
[  964.560255] sd 2:0:0:0: rejecting I/O to offline device
[  964.564102] sd 2:0:0:0: rejecting I/O to offline device
[  964.567489] sd 2:0:0:0: rejecting I/O to offline device
[  964.570018] sd 2:0:0:0: rejecting I/O to offline device
[  964.574045] sd 2:0:0:0: rejecting I/O to offline device
[  964.577419] sd 2:0:0:0: rejecting I/O to offline device
[  964.581046] sd 2:0:0:0: rejecting I/O to offline device
[  964.584684] sd 2:0:0:0: rejecting I/O to offline device
[  964.587665] sd 2:0:0:0: rejecting I/O to offline device
[  964.588816] sd 2:0:0:0: rejecting I/O to offline device
[  964.592852] sd 2:0:0:0: rejecting I/O to offline device
[  964.595751] sd 2:0:0:0: rejecting I/O to offline device
[  964.598091] sd 2:0:0:0: rejecting I/O to offline device
[  964.602036] sd 2:0:0:0: rejecting I/O to offline device
[  964.605249] sd 2:0:0:0: rejecting I/O to offline device
[  964.607844] sd 2:0:0:0: rejecting I/O to offline device
[  964.609307] sd 2:0:0:0: rejecting I/O to offline device
[  964.611464] sd 2:0:0:0: rejecting I/O to offline device
[  964.613357] sd 2:0:0:0: rejecting I/O to offline device
[  964.616586] sd 2:0:0:0: rejecting I/O to offline device
[  964.619170] sd 2:0:0:0: rejecting I/O to offline device
[  964.621081] sd 2:0:0:0: rejecting I/O to offline device
[  964.624238] sd 2:0:0:0: rejecting I/O to offline device
[  964.625859] sd 2:0:0:0: rejecting I/O to offline device
[  964.628665] sd 2:0:0:0: rejecting I/O to offline device
[  964.630261] sd 2:0:0:0: rejecting I/O to offline device
[  964.632934] sd 2:0:0:0: rejecting I/O to offline device
[  964.635603] sd 2:0:0:0: rejecting I/O to offline device
[  964.637084] sd 2:0:0:0: rejecting I/O to offline device
[  964.638564] sd 2:0:0:0: rejecting I/O to offline device
[  964.641546] sd 2:0:0:0: rejecting I/O to offline device
[  964.643555] sd 2:0:0:0: rejecting I/O to offline device
[  964.645099] sd 2:0:0:0: rejecting I/O to offline device
[  964.646543] sd 2:0:0:0: rejecting I/O to offline device
[  964.649463] sd 2:0:0:0: rejecting I/O to offline device
[  964.652120] sd 2:0:0:0: rejecting I/O to offline device
[  964.654482] sd 2:0:0:0: rejecting I/O to offline device
[  964.657235] sd 2:0:0:0: rejecting I/O to offline device
[  964.659061] sd 2:0:0:0: rejecting I/O to offline device
[  964.660378] sd 2:0:0:0: rejecting I/O to offline device
[  964.661625] sd 2:0:0:0: rejecting I/O to offline device
[  964.664290] sd 2:0:0:0: rejecting I/O to offline device
[  964.688210] sd 2:0:0:0: rejecting I/O to offline device
[  964.690373] sd 2:0:0:0: rejecting I/O to offline device
[  964.693798] sd 2:0:0:0: rejecting I/O to offline device
[  964.696327] sd 2:0:0:0: rejecting I/O to offline device
[  964.697787] sd 2:0:0:0: rejecting I/O to offline device
[  964.700219] sd 2:0:0:0: rejecting I/O to offline device
[  964.701894] sd 2:0:0:0: rejecting I/O to offline device
[  964.704720] sd 2:0:0:0: rejecting I/O to offline device
[  964.706334] sd 2:0:0:0: rejecting I/O to offline device
[  964.709161] sd 2:0:0:0: rejecting I/O to offline device
[  964.711154] sd 2:0:0:0: rejecting I/O to offline device
[  964.712646] sd 2:0:0:0: rejecting I/O to offline device
[  964.714182] sd 2:0:0:0: rejecting I/O to offline device
[  964.717256] sd 2:0:0:0: rejecting I/O to offline device
[  964.719230] sd 2:0:0:0: rejecting I/O to offline device
[  964.720775] sd 2:0:0:0: rejecting I/O to offline device
[  964.722704] sd 2:0:0:0: rejecting I/O to offline device
